
There are no discarded input sections

Memory Configuration

Name             Origin             Length             Attributes
RAM              0x0000000080000000 0x0000000008000000 xrw
*default*        0x0000000000000000 0xffffffffffffffff

Linker script and memory map

                0x0000000000001000                STACK_SIZE = 0x1000
                0x0000000000000001                NUM_CORES = 0x1
                0x0000000080000000                RAM_BASE = 0x80000000
                0x0000000008000000                RAM_SIZE = 0x8000000
                0x0000000080000000                . = ORIGIN (RAM)

.text           0x0000000080000000     0x1d40
                0x0000000080000000                _text_start = .
 *(.text.init)
 .text.init     0x0000000080000000       0x50 out/arch/riscv64/boot.o
                0x0000000080000000                _start
 *(.text.trap)
 .text.trap     0x0000000080000050      0x122 out/arch/riscv64/boot.o
                0x0000000080000050                trap_entry
 *(.text .text.*)
 .text          0x0000000080000172       0xc8 out/kernel/init.o
                0x00000000800001c0                init
 .text          0x000000008000023a      0x31a out/kernel/page.o
                0x000000008000023a                page_init
                0x000000008000035c                page_alloc
                0x00000000800004c8                page_free
 .text          0x0000000080000554      0x4fa out/kernel/printf.o
                0x0000000080000554                num2char
                0x0000000080000742                _vsprintf
                0x0000000080000968                _vprintf
                0x00000000800009da                printf
                0x0000000080000a2e                panic
 .text          0x0000000080000a4e      0x3a4 out/kernel/sched.o
                0x0000000080000bce                sched_init
                0x0000000080000c30                sched
 .text          0x0000000080000df2      0x2f4 out/kernel/swtimer.o
                0x0000000080000eb6                swtimer_distory
                0x0000000080000f74                swtimer_check
                0x0000000080000fd6                swtimer_create
 .text          0x00000000800010e6      0x1c4 out/kernel/task.o
                0x0000000080001156                task_create
                0x0000000080001228                task_distory
                0x0000000080001268                task_delay
 .text          0x00000000800012aa      0x2da out/arch/riscv64/qemu_virt/interrupt.o
                0x000000008000141c                global_interrupt_enable
                0x000000008000143e                global_interrupt_disable
                0x000000008000145e                timer_interrupt_enable
                0x0000000080001480                timer_interrupt_disable
                0x00000000800014a2                extern_interrupt_enable
                0x00000000800014c8                extern_interrupt_disable
                0x00000000800014ee                extern_interrupt_setting
                0x0000000080001542                soft_interrupt_enable
                0x0000000080001564                soft_interrupt_disable
 .text          0x0000000080001584       0xd6 out/arch/riscv64/qemu_virt/systimer.o
                0x00000000800015cc                systimer_init
                0x0000000080001602                systimer_load
                0x0000000080001642                systimer_get_time
 .text          0x000000008000165a      0x3b6 out/arch/riscv64/qemu_virt/trap.o
                0x000000008000173c                trap_init
                0x000000008000175c                trap_handler
                0x000000008000194a                extern_interrupt_handler
                0x000000008000199e                timer_interrupt_handler
                0x0000000080001a02                soft_interrupt_handler
 .text          0x0000000080001a10      0x1ac out/drivers/uart.o
                0x0000000080001a10                uart_init
                0x0000000080001ad2                uart_putc
                0x0000000080001b08                uart_getc
                0x0000000080001b36                uart_puts
                0x0000000080001b72                uart0_iqr
 *fill*         0x0000000080001bbc        0x0 
 .text          0x0000000080001bbc      0x184 out/user/user.o
                0x0000000080001bbc                task0_timer
                0x0000000080001bfe                task0
                0x0000000080001c32                task1
                0x0000000080001c66                task2
                0x0000000080001c9a                task3
                0x0000000080001cd0                os_main
 .text          0x0000000080001d40        0x0 out/arch/riscv64/boot.o
 .text          0x0000000080001d40        0x0 out/arch/riscv64/save_reg.o
 .text          0x0000000080001d40        0x0 out/arch/riscv64/usys.o
                0x0000000080001d40                gethid
                0x0000000080001d40                _text_end = .

.rodata         0x0000000080001d40      0x3b4
                0x0000000080001d40                _rodata_start = .
 *(.rodata .rodata.*)
 .rodata        0x0000000080001d40       0x1f out/kernel/init.o
 *fill*         0x0000000080001d5f        0x1 
 .rodata        0x0000000080001d60       0xa3 out/kernel/page.o
 *fill*         0x0000000080001e03        0x5 
 .rodata        0x0000000080001e08       0x92 out/kernel/printf.o
 *fill*         0x0000000080001e9a        0x6 
 .rodata        0x0000000080001ea0      0x1cd out/arch/riscv64/qemu_virt/trap.o
 *fill*         0x000000008000206d        0x3 
 .rodata        0x0000000080002070        0xa out/drivers/uart.o
 *fill*         0x000000008000207a        0x6 
 .rodata        0x0000000080002080       0x74 out/user/user.o
                0x00000000800020f4                _rodata_end = .

.rela.dyn       0x00000000800020f8        0x0
 .rela.text     0x00000000800020f8        0x0 out/kernel/init.o
 .rela.text.init
                0x00000000800020f8        0x0 out/kernel/init.o
 .rela.text.trap
                0x00000000800020f8        0x0 out/kernel/init.o

.data           0x00000000800020f8       0x20
                0x00000000800020f8                _data_start = .
 *(.data .data,*)
 .data          0x00000000800020f8        0x0 out/kernel/init.o
 .data          0x00000000800020f8        0x0 out/kernel/page.o
 .data          0x00000000800020f8        0x0 out/kernel/printf.o
 .data          0x00000000800020f8        0x0 out/kernel/sched.o
 .data          0x00000000800020f8        0x0 out/kernel/swtimer.o
 .data          0x00000000800020f8       0x20 out/kernel/task.o
                0x00000000800020f8                need_add_task
                0x0000000080002108                need_del_task
 .data          0x0000000080002118        0x0 out/arch/riscv64/qemu_virt/interrupt.o
 .data          0x0000000080002118        0x0 out/arch/riscv64/qemu_virt/systimer.o
 .data          0x0000000080002118        0x0 out/arch/riscv64/qemu_virt/trap.o
 .data          0x0000000080002118        0x0 out/drivers/uart.o
 .data          0x0000000080002118        0x0 out/user/user.o
 .data          0x0000000080002118        0x0 out/arch/riscv64/boot.o
 .data          0x0000000080002118        0x0 out/arch/riscv64/save_reg.o
 .data          0x0000000080002118        0x0 out/arch/riscv64/usys.o
                0x0000000080002118                _data_end = .

.sdata          0x0000000080002118        0xc
 .sdata         0x0000000080002118        0x8 out/kernel/task.o
 .sdata         0x0000000080002120        0x4 out/arch/riscv64/qemu_virt/systimer.o
                0x0000000080002120                systimer_hz

.bss            0x0000000080002128      0x448
                0x0000000080002128                . = ALIGN (0x8)
                0x0000000080002128                _bss_start = .
 *(.bss .bss.*)
 .bss           0x0000000080002128        0x0 out/kernel/init.o
 .bss           0x0000000080002128       0x18 out/kernel/page.o
 .bss           0x0000000080002140      0x400 out/kernel/printf.o
 .bss           0x0000000080002540       0x28 out/kernel/sched.o
                0x0000000080002540                scheduler
 .bss           0x0000000080002568        0x8 out/kernel/swtimer.o
 .bss           0x0000000080002570        0x0 out/kernel/task.o
 .bss           0x0000000080002570        0x0 out/arch/riscv64/qemu_virt/interrupt.o
 .bss           0x0000000080002570        0x0 out/arch/riscv64/qemu_virt/systimer.o
 .bss           0x0000000080002570        0x0 out/arch/riscv64/qemu_virt/trap.o
 .bss           0x0000000080002570        0x0 out/drivers/uart.o
 .bss           0x0000000080002570        0x0 out/user/user.o
 .bss           0x0000000080002570        0x0 out/arch/riscv64/boot.o
 .bss           0x0000000080002570        0x0 out/arch/riscv64/save_reg.o
 .bss           0x0000000080002570        0x0 out/arch/riscv64/usys.o
 *(COMMON)
                0x0000000080002570                . = ALIGN (0x8)
                0x0000000080002570                _bss_end = .

.sbss           0x0000000080002570       0x18
 .sbss          0x0000000080002570        0x8 out/kernel/swtimer.o
                0x0000000080002570                swtimer_head
 .sbss          0x0000000080002578        0x8 out/arch/riscv64/qemu_virt/systimer.o
                0x0000000080002578                systimer_tick
 .sbss          0x0000000080002580        0x8 out/user/user.o
                0x0000000080002580                t

.kernel_reg_ctx
                0x0000000080002588      0x108
                0x0000000080002588                . = ALIGN (0x8)
                0x0000000080002588                _kernel_reg_ctx_start = .
                0x0000000080002690                . = (. + 0x108)
 *fill*         0x0000000080002588      0x108 
                0x0000000080002690                _kernel_reg_ctx_end = .
                0x0000000080003000                . = ALIGN (0x1000)
                0x0000000080003000                _heap_start = .
                0x0000000088000000                _stack_end = (RAM_BASE + RAM_SIZE)
                0x0000000087fff000                _stack_start = (_stack_end - (STACK_SIZE * NUM_CORES))
                0x0000000087fff000                _heap_end = _stack_start
                0x0000000007ffc000                _heap_size = (_heap_end - _heap_start)
LOAD out/kernel/init.o
LOAD out/kernel/page.o
LOAD out/kernel/printf.o
LOAD out/kernel/sched.o
LOAD out/kernel/swtimer.o
LOAD out/kernel/task.o
LOAD out/arch/riscv64/qemu_virt/interrupt.o
LOAD out/arch/riscv64/qemu_virt/systimer.o
LOAD out/arch/riscv64/qemu_virt/trap.o
LOAD out/drivers/uart.o
LOAD out/user/user.o
LOAD out/arch/riscv64/boot.o
LOAD out/arch/riscv64/save_reg.o
LOAD out/arch/riscv64/usys.o
OUTPUT(out/ZZZ-OS.elf elf64-littleriscv)

.debug_info     0x0000000000000000     0x23fb
 .debug_info    0x0000000000000000      0x205 out/kernel/init.o
 .debug_info    0x0000000000000205      0x24f out/kernel/page.o
 .debug_info    0x0000000000000454      0x36e out/kernel/printf.o
 .debug_info    0x00000000000007c2      0x6be out/kernel/sched.o
 .debug_info    0x0000000000000e80      0x3ad out/kernel/swtimer.o
 .debug_info    0x000000000000122d      0x52b out/kernel/task.o
 .debug_info    0x0000000000001758      0x320 out/arch/riscv64/qemu_virt/interrupt.o
 .debug_info    0x0000000000001a78      0x1ee out/arch/riscv64/qemu_virt/systimer.o
 .debug_info    0x0000000000001c66      0x3be out/arch/riscv64/qemu_virt/trap.o
 .debug_info    0x0000000000002024      0x1dd out/drivers/uart.o
 .debug_info    0x0000000000002201      0x1d7 out/user/user.o
 .debug_info    0x00000000000023d8       0x23 out/arch/riscv64/boot.o

.debug_abbrev   0x0000000000000000     0x107e
 .debug_abbrev  0x0000000000000000      0x157 out/kernel/init.o
 .debug_abbrev  0x0000000000000157      0x156 out/kernel/page.o
 .debug_abbrev  0x00000000000002ad      0x12b out/kernel/printf.o
 .debug_abbrev  0x00000000000003d8      0x250 out/kernel/sched.o
 .debug_abbrev  0x0000000000000628      0x1aa out/kernel/swtimer.o
 .debug_abbrev  0x00000000000007d2      0x1ef out/kernel/task.o
 .debug_abbrev  0x00000000000009c1      0x114 out/arch/riscv64/qemu_virt/interrupt.o
 .debug_abbrev  0x0000000000000ad5      0x140 out/arch/riscv64/qemu_virt/systimer.o
 .debug_abbrev  0x0000000000000c15      0x201 out/arch/riscv64/qemu_virt/trap.o
 .debug_abbrev  0x0000000000000e16      0x147 out/drivers/uart.o
 .debug_abbrev  0x0000000000000f5d      0x10f out/user/user.o
 .debug_abbrev  0x000000000000106c       0x12 out/arch/riscv64/boot.o

.debug_aranges  0x0000000000000000      0x250
 .debug_aranges
                0x0000000000000000       0x30 out/kernel/init.o
 .debug_aranges
                0x0000000000000030       0x30 out/kernel/page.o
 .debug_aranges
                0x0000000000000060       0x30 out/kernel/printf.o
 .debug_aranges
                0x0000000000000090       0x30 out/kernel/sched.o
 .debug_aranges
                0x00000000000000c0       0x30 out/kernel/swtimer.o
 .debug_aranges
                0x00000000000000f0       0x30 out/kernel/task.o
 .debug_aranges
                0x0000000000000120       0x30 out/arch/riscv64/qemu_virt/interrupt.o
 .debug_aranges
                0x0000000000000150       0x30 out/arch/riscv64/qemu_virt/systimer.o
 .debug_aranges
                0x0000000000000180       0x30 out/arch/riscv64/qemu_virt/trap.o
 .debug_aranges
                0x00000000000001b0       0x30 out/drivers/uart.o
 .debug_aranges
                0x00000000000001e0       0x30 out/user/user.o
 .debug_aranges
                0x0000000000000210       0x40 out/arch/riscv64/boot.o

.debug_line     0x0000000000000000     0x1c7d
 .debug_line    0x0000000000000000      0x149 out/kernel/init.o
 .debug_line    0x0000000000000149      0x345 out/kernel/page.o
 .debug_line    0x000000000000048e      0x4ad out/kernel/printf.o
 .debug_line    0x000000000000093b      0x31a out/kernel/sched.o
 .debug_line    0x0000000000000c55      0x2f5 out/kernel/swtimer.o
 .debug_line    0x0000000000000f4a      0x1cc out/kernel/task.o
 .debug_line    0x0000000000001116      0x2a2 out/arch/riscv64/qemu_virt/interrupt.o
 .debug_line    0x00000000000013b8      0x100 out/arch/riscv64/qemu_virt/systimer.o
 .debug_line    0x00000000000014b8      0x35d out/arch/riscv64/qemu_virt/trap.o
 .debug_line    0x0000000000001815      0x1fd out/drivers/uart.o
 .debug_line    0x0000000000001a12      0x175 out/user/user.o
 .debug_line    0x0000000000001b87       0xf6 out/arch/riscv64/boot.o

.debug_str      0x0000000000000000      0x8aa
 .debug_str     0x0000000000000000      0x8aa out/kernel/init.o
                                        0x1da (size before relaxing)
 .debug_str     0x00000000000008aa      0x19e out/kernel/page.o
 .debug_str     0x00000000000008aa      0x194 out/kernel/printf.o
 .debug_str     0x00000000000008aa      0x314 out/kernel/sched.o
 .debug_str     0x00000000000008aa      0x22c out/kernel/swtimer.o
 .debug_str     0x00000000000008aa      0x264 out/kernel/task.o
 .debug_str     0x00000000000008aa      0x270 out/arch/riscv64/qemu_virt/interrupt.o
 .debug_str     0x00000000000008aa      0x1bb out/arch/riscv64/qemu_virt/systimer.o
 .debug_str     0x00000000000008aa      0x272 out/arch/riscv64/qemu_virt/trap.o
 .debug_str     0x00000000000008aa      0x14c out/drivers/uart.o
 .debug_str     0x00000000000008aa      0x148 out/user/user.o
 .debug_str     0x00000000000008aa       0x31 out/arch/riscv64/boot.o

.debug_line_str
                0x0000000000000000      0x1e5
 .debug_line_str
                0x0000000000000000      0x1e5 out/kernel/init.o
                                         0xc2 (size before relaxing)
 .debug_line_str
                0x00000000000001e5       0x73 out/kernel/page.o
 .debug_line_str
                0x00000000000001e5       0x9f out/kernel/printf.o
 .debug_line_str
                0x00000000000001e5       0x7f out/kernel/sched.o
 .debug_line_str
                0x00000000000001e5       0x8a out/kernel/swtimer.o
 .debug_line_str
                0x00000000000001e5       0x7b out/kernel/task.o
 .debug_line_str
                0x00000000000001e5       0x9c out/arch/riscv64/qemu_virt/interrupt.o
 .debug_line_str
                0x00000000000001e5       0x9c out/arch/riscv64/qemu_virt/systimer.o
 .debug_line_str
                0x00000000000001e5       0xc9 out/arch/riscv64/qemu_virt/trap.o
 .debug_line_str
                0x00000000000001e5       0x6a out/drivers/uart.o
 .debug_line_str
                0x00000000000001e5       0x64 out/user/user.o
 .debug_line_str
                0x00000000000001e5       0x25 out/arch/riscv64/boot.o

.comment        0x0000000000000000       0x22
 .comment       0x0000000000000000       0x22 out/kernel/init.o
                                         0x23 (size before relaxing)
 .comment       0x0000000000000022       0x23 out/kernel/page.o
 .comment       0x0000000000000022       0x23 out/kernel/printf.o
 .comment       0x0000000000000022       0x23 out/kernel/sched.o
 .comment       0x0000000000000022       0x23 out/kernel/swtimer.o
 .comment       0x0000000000000022       0x23 out/kernel/task.o
 .comment       0x0000000000000022       0x23 out/arch/riscv64/qemu_virt/interrupt.o
 .comment       0x0000000000000022       0x23 out/arch/riscv64/qemu_virt/systimer.o
 .comment       0x0000000000000022       0x23 out/arch/riscv64/qemu_virt/trap.o
 .comment       0x0000000000000022       0x23 out/drivers/uart.o
 .comment       0x0000000000000022       0x23 out/user/user.o

.riscv.attributes
                0x0000000000000000       0x57
 .riscv.attributes
                0x0000000000000000       0x57 out/kernel/init.o
 .riscv.attributes
                0x0000000000000057       0x53 out/kernel/page.o
 .riscv.attributes
                0x00000000000000aa       0x53 out/kernel/printf.o
 .riscv.attributes
                0x00000000000000fd       0x57 out/kernel/sched.o
 .riscv.attributes
                0x0000000000000154       0x53 out/kernel/swtimer.o
 .riscv.attributes
                0x00000000000001a7       0x53 out/kernel/task.o
 .riscv.attributes
                0x00000000000001fa       0x57 out/arch/riscv64/qemu_virt/interrupt.o
 .riscv.attributes
                0x0000000000000251       0x53 out/arch/riscv64/qemu_virt/systimer.o
 .riscv.attributes
                0x00000000000002a4       0x57 out/arch/riscv64/qemu_virt/trap.o
 .riscv.attributes
                0x00000000000002fb       0x53 out/drivers/uart.o
 .riscv.attributes
                0x000000000000034e       0x53 out/user/user.o
 .riscv.attributes
                0x00000000000003a1       0x55 out/arch/riscv64/boot.o
 .riscv.attributes
                0x00000000000003f6       0x51 out/arch/riscv64/save_reg.o
 .riscv.attributes
                0x0000000000000447       0x51 out/arch/riscv64/usys.o

.debug_frame    0x0000000000000000      0xf80
 .debug_frame   0x0000000000000000       0xc8 out/kernel/init.o
 .debug_frame   0x00000000000000c8       0xa0 out/kernel/page.o
 .debug_frame   0x0000000000000168       0xf8 out/kernel/printf.o
 .debug_frame   0x0000000000000260      0x250 out/kernel/sched.o
 .debug_frame   0x00000000000004b0      0x190 out/kernel/swtimer.o
 .debug_frame   0x0000000000000640      0x100 out/kernel/task.o
 .debug_frame   0x0000000000000740      0x310 out/arch/riscv64/qemu_virt/interrupt.o
 .debug_frame   0x0000000000000a50      0x100 out/arch/riscv64/qemu_virt/systimer.o
 .debug_frame   0x0000000000000b50      0x228 out/arch/riscv64/qemu_virt/trap.o
 .debug_frame   0x0000000000000d78      0x100 out/drivers/uart.o
 .debug_frame   0x0000000000000e78      0x108 out/user/user.o

.debug_rnglists
                0x0000000000000000       0x22
 .debug_rnglists
                0x0000000000000000       0x22 out/arch/riscv64/boot.o
