
There are no discarded input sections

Memory Configuration

Name             Origin             Length             Attributes
RAM              0x0000000080000000 0x0000000008000000 xrw
*default*        0x0000000000000000 0xffffffffffffffff

Linker script and memory map

                0x0000000000001000                STACK_SIZE = 0x1000
                0x0000000000000001                NUM_CORES = 0x1
                0x0000000080000000                RAM_BASE = 0x80000000
                0x0000000008000000                RAM_SIZE = 0x8000000
                0x0000000080000000                . = ORIGIN (RAM)

.text           0x0000000080000000     0x1d20
                0x0000000080000000                _text_start = .
 *(.text.init)
 .text.init     0x0000000080000000       0x50 out/arch/riscv64/boot.o
                0x0000000080000000                _start
 *(.text.trap)
 .text.trap     0x0000000080000050      0x116 out/arch/riscv64/boot.o
                0x0000000080000050                trap_entry
 *(.text .text.*)
 .text          0x0000000080000166       0xce out/kernel/init.o
                0x00000000800001b4                main
 .text          0x0000000080000234      0x31a out/kernel/page.o
                0x0000000080000234                page_init
                0x0000000080000356                page_alloc
                0x00000000800004c2                page_free
 .text          0x000000008000054e      0x524 out/kernel/printf.o
                0x000000008000054e                num2char
                0x000000008000073c                _vsprintf
                0x000000008000098c                _vprintf
                0x00000000800009fe                printf
                0x0000000080000a52                panic
 .text          0x0000000080000a72      0x3a0 out/kernel/sched.o
                0x0000000080000bf2                sched_init
                0x0000000080000c54                sched
 .text          0x0000000080000e12      0x2f8 out/kernel/swtimer.o
                0x0000000080000ed6                swtimer_distory
                0x0000000080000f94                swtimer_check
                0x0000000080000ff6                swtimer_create
 .text          0x000000008000110a      0x1ca out/kernel/task.o
                0x000000008000117a                task_create
                0x0000000080001252                task_distory
                0x0000000080001292                task_delay
 .text          0x00000000800012d4      0x2e0 out/arch/riscv64/qemu_virt/interrupt.o
                0x000000008000144c                global_interrupt_enable
                0x000000008000146e                global_interrupt_disable
                0x000000008000148e                timer_interrupt_enable
                0x00000000800014b0                timer_interrupt_disable
                0x00000000800014d2                extern_interrupt_enable
                0x00000000800014f8                extern_interrupt_disable
                0x000000008000151e                extern_interrupt_setting
                0x0000000080001572                soft_interrupt_enable
                0x0000000080001594                soft_interrupt_disable
 .text          0x00000000800015b4       0xe0 out/arch/riscv64/qemu_virt/systimer.o
                0x0000000080001606                systimer_init
                0x000000008000163c                systimer_load
                0x000000008000167c                systimer_get_time
 .text          0x0000000080001694      0x37a out/arch/riscv64/qemu_virt/trap.o
                0x000000008000176a                trap_init
                0x000000008000178a                trap_handler
                0x0000000080001948                extern_interrupt_handler
                0x000000008000199c                timer_interrupt_handler
                0x0000000080001a00                soft_interrupt_handler
 .text          0x0000000080001a0e      0x1ac out/drivers/uart.o
                0x0000000080001a0e                uart_init
                0x0000000080001ad0                uart_putc
                0x0000000080001b06                uart_getc
                0x0000000080001b34                uart_puts
                0x0000000080001b70                uart0_iqr
 *fill*         0x0000000080001bba        0x2 
 .text          0x0000000080001bbc      0x164 out/user/user.o
                0x0000000080001bbc                task0_timer
                0x0000000080001bfe                task0
                0x0000000080001c32                task1
                0x0000000080001c66                task2
                0x0000000080001c9a                task3
                0x0000000080001cd0                os_main
 .text          0x0000000080001d20        0x0 out/arch/riscv64/boot.o
 .text          0x0000000080001d20        0x0 out/arch/riscv64/save_reg.o
 .text          0x0000000080001d20        0x0 out/arch/riscv64/usys.o
                0x0000000080001d20                gethid
                0x0000000080001d20                _text_end = .

.rodata         0x0000000080001d20      0x3a9
                0x0000000080001d20                _rodata_start = .
 *(.rodata .rodata.*)
 .rodata        0x0000000080001d20       0x1f out/kernel/init.o
 *fill*         0x0000000080001d3f        0x1 
 .rodata        0x0000000080001d40       0xa3 out/kernel/page.o
 *fill*         0x0000000080001de3        0x5 
 .rodata        0x0000000080001de8       0x92 out/kernel/printf.o
 *fill*         0x0000000080001e7a        0x6 
 .rodata        0x0000000080001e80      0x1ad out/arch/riscv64/qemu_virt/trap.o
 *fill*         0x000000008000202d        0x3 
 .rodata        0x0000000080002030        0xa out/drivers/uart.o
 *fill*         0x000000008000203a        0x6 
 .rodata        0x0000000080002040       0x89 out/user/user.o
                0x00000000800020c9                _rodata_end = .

.rela.dyn       0x00000000800020d0        0x0
 .rela.text     0x00000000800020d0        0x0 out/kernel/init.o
 .rela.text.init
                0x00000000800020d0        0x0 out/kernel/init.o

.data           0x00000000800020d0       0x20
                0x00000000800020d0                _data_start = .
 *(.data .data,*)
 .data          0x00000000800020d0        0x0 out/kernel/init.o
 .data          0x00000000800020d0        0x0 out/kernel/page.o
 .data          0x00000000800020d0        0x0 out/kernel/printf.o
 .data          0x00000000800020d0        0x0 out/kernel/sched.o
 .data          0x00000000800020d0        0x0 out/kernel/swtimer.o
 .data          0x00000000800020d0       0x20 out/kernel/task.o
                0x00000000800020d0                need_add_task
                0x00000000800020e0                need_del_task
 .data          0x00000000800020f0        0x0 out/arch/riscv64/qemu_virt/interrupt.o
 .data          0x00000000800020f0        0x0 out/arch/riscv64/qemu_virt/systimer.o
 .data          0x00000000800020f0        0x0 out/arch/riscv64/qemu_virt/trap.o
 .data          0x00000000800020f0        0x0 out/drivers/uart.o
 .data          0x00000000800020f0        0x0 out/user/user.o
 .data          0x00000000800020f0        0x0 out/arch/riscv64/boot.o
 .data          0x00000000800020f0        0x0 out/arch/riscv64/save_reg.o
 .data          0x00000000800020f0        0x0 out/arch/riscv64/usys.o
                0x00000000800020f0                _data_end = .

.sdata          0x00000000800020f0        0x8
 .sdata         0x00000000800020f0        0x4 out/kernel/task.o
 .sdata         0x00000000800020f4        0x4 out/arch/riscv64/qemu_virt/systimer.o
                0x00000000800020f4                systimer_hz

.bss            0x00000000800020f8      0x448
                0x00000000800020f8                . = ALIGN (0x8)
                0x00000000800020f8                _bss_start = .
 *(.bss .bss.*)
 .bss           0x00000000800020f8        0x0 out/kernel/init.o
 .bss           0x00000000800020f8       0x18 out/kernel/page.o
 .bss           0x0000000080002110      0x400 out/kernel/printf.o
 .bss           0x0000000080002510       0x28 out/kernel/sched.o
                0x0000000080002510                scheduler
 .bss           0x0000000080002538        0x4 out/kernel/swtimer.o
 .bss           0x000000008000253c        0x0 out/kernel/task.o
 .bss           0x000000008000253c        0x0 out/arch/riscv64/qemu_virt/interrupt.o
 .bss           0x000000008000253c        0x0 out/arch/riscv64/qemu_virt/systimer.o
 .bss           0x000000008000253c        0x0 out/arch/riscv64/qemu_virt/trap.o
 .bss           0x000000008000253c        0x0 out/drivers/uart.o
 .bss           0x000000008000253c        0x0 out/user/user.o
 .bss           0x000000008000253c        0x0 out/arch/riscv64/boot.o
 .bss           0x000000008000253c        0x0 out/arch/riscv64/save_reg.o
 .bss           0x000000008000253c        0x0 out/arch/riscv64/usys.o
 *(COMMON)
                0x0000000080002540                . = ALIGN (0x8)
 *fill*         0x000000008000253c        0x4 
                0x0000000080002540                _bss_end = .

.sbss           0x0000000080002540       0x18
 .sbss          0x0000000080002540        0x8 out/kernel/swtimer.o
                0x0000000080002540                swtimer_head
 .sbss          0x0000000080002548        0x8 out/arch/riscv64/qemu_virt/systimer.o
                0x0000000080002548                systimer_tick
 .sbss          0x0000000080002550        0x8 out/user/user.o
                0x0000000080002550                t

.kernel_reg_ctx
                0x0000000080002558      0x108
                0x0000000080002558                . = ALIGN (0x4)
                0x0000000080002558                _kernel_reg_ctx_start = .
                0x0000000080002660                . = (. + 0x108)
 *fill*         0x0000000080002558      0x108 
                0x0000000080002660                _kernel_reg_ctx_end = .
                0x0000000080003000                . = ALIGN (0x1000)
                0x0000000080003000                _heap_start = .
                0x0000000088000000                _stack_end = (RAM_BASE + RAM_SIZE)
                0x0000000087fff000                _stack_start = (_stack_end - (STACK_SIZE * NUM_CORES))
                0x0000000087fff000                _heap_end = _stack_start
                0x0000000007ffc000                _heap_size = (_heap_end - _heap_start)
LOAD out/kernel/init.o
LOAD out/kernel/page.o
LOAD out/kernel/printf.o
LOAD out/kernel/sched.o
LOAD out/kernel/swtimer.o
LOAD out/kernel/task.o
LOAD out/arch/riscv64/qemu_virt/interrupt.o
LOAD out/arch/riscv64/qemu_virt/systimer.o
LOAD out/arch/riscv64/qemu_virt/trap.o
LOAD out/drivers/uart.o
LOAD out/user/user.o
LOAD out/arch/riscv64/boot.o
LOAD out/arch/riscv64/save_reg.o
LOAD out/arch/riscv64/usys.o
OUTPUT(out/ZZZ.elf elf64-littleriscv)

.debug_info     0x0000000000000000     0x23cc
 .debug_info    0x0000000000000000      0x212 out/kernel/init.o
 .debug_info    0x0000000000000212      0x24f out/kernel/page.o
 .debug_info    0x0000000000000461      0x37b out/kernel/printf.o
 .debug_info    0x00000000000007dc      0x6be out/kernel/sched.o
 .debug_info    0x0000000000000e9a      0x3b9 out/kernel/swtimer.o
 .debug_info    0x0000000000001253      0x535 out/kernel/task.o
 .debug_info    0x0000000000001788      0x2ee out/arch/riscv64/qemu_virt/interrupt.o
 .debug_info    0x0000000000001a76      0x1d9 out/arch/riscv64/qemu_virt/systimer.o
 .debug_info    0x0000000000001c4f      0x3a6 out/arch/riscv64/qemu_virt/trap.o
 .debug_info    0x0000000000001ff5      0x1dd out/drivers/uart.o
 .debug_info    0x00000000000021d2      0x1d7 out/user/user.o
 .debug_info    0x00000000000023a9       0x23 out/arch/riscv64/boot.o

.debug_abbrev   0x0000000000000000     0x1076
 .debug_abbrev  0x0000000000000000      0x157 out/kernel/init.o
 .debug_abbrev  0x0000000000000157      0x156 out/kernel/page.o
 .debug_abbrev  0x00000000000002ad      0x12b out/kernel/printf.o
 .debug_abbrev  0x00000000000003d8      0x250 out/kernel/sched.o
 .debug_abbrev  0x0000000000000628      0x1aa out/kernel/swtimer.o
 .debug_abbrev  0x00000000000007d2      0x205 out/kernel/task.o
 .debug_abbrev  0x00000000000009d7       0xf1 out/arch/riscv64/qemu_virt/interrupt.o
 .debug_abbrev  0x0000000000000ac8      0x137 out/arch/riscv64/qemu_virt/systimer.o
 .debug_abbrev  0x0000000000000bff      0x20d out/arch/riscv64/qemu_virt/trap.o
 .debug_abbrev  0x0000000000000e0c      0x149 out/drivers/uart.o
 .debug_abbrev  0x0000000000000f55      0x10f out/user/user.o
 .debug_abbrev  0x0000000000001064       0x12 out/arch/riscv64/boot.o

.debug_aranges  0x0000000000000000      0x250
 .debug_aranges
                0x0000000000000000       0x30 out/kernel/init.o
 .debug_aranges
                0x0000000000000030       0x30 out/kernel/page.o
 .debug_aranges
                0x0000000000000060       0x30 out/kernel/printf.o
 .debug_aranges
                0x0000000000000090       0x30 out/kernel/sched.o
 .debug_aranges
                0x00000000000000c0       0x30 out/kernel/swtimer.o
 .debug_aranges
                0x00000000000000f0       0x30 out/kernel/task.o
 .debug_aranges
                0x0000000000000120       0x30 out/arch/riscv64/qemu_virt/interrupt.o
 .debug_aranges
                0x0000000000000150       0x30 out/arch/riscv64/qemu_virt/systimer.o
 .debug_aranges
                0x0000000000000180       0x30 out/arch/riscv64/qemu_virt/trap.o
 .debug_aranges
                0x00000000000001b0       0x30 out/drivers/uart.o
 .debug_aranges
                0x00000000000001e0       0x30 out/user/user.o
 .debug_aranges
                0x0000000000000210       0x40 out/arch/riscv64/boot.o

.debug_line     0x0000000000000000     0x1c8c
 .debug_line    0x0000000000000000      0x14d out/kernel/init.o
 .debug_line    0x000000000000014d      0x345 out/kernel/page.o
 .debug_line    0x0000000000000492      0x4fb out/kernel/printf.o
 .debug_line    0x000000000000098d      0x314 out/kernel/sched.o
 .debug_line    0x0000000000000ca1      0x2f5 out/kernel/swtimer.o
 .debug_line    0x0000000000000f96      0x1d3 out/kernel/task.o
 .debug_line    0x0000000000001169      0x292 out/arch/riscv64/qemu_virt/interrupt.o
 .debug_line    0x00000000000013fb      0x100 out/arch/riscv64/qemu_virt/systimer.o
 .debug_line    0x00000000000014fb      0x346 out/arch/riscv64/qemu_virt/trap.o
 .debug_line    0x0000000000001841      0x1f2 out/drivers/uart.o
 .debug_line    0x0000000000001a33      0x16f out/user/user.o
 .debug_line    0x0000000000001ba2       0xea out/arch/riscv64/boot.o

.debug_str      0x0000000000000000      0x87d
 .debug_str     0x0000000000000000      0x87d out/kernel/init.o
                                        0x1da (size before relaxing)
 .debug_str     0x000000000000087d      0x19e out/kernel/page.o
 .debug_str     0x000000000000087d      0x19d out/kernel/printf.o
 .debug_str     0x000000000000087d      0x314 out/kernel/sched.o
 .debug_str     0x000000000000087d      0x235 out/kernel/swtimer.o
 .debug_str     0x000000000000087d      0x264 out/kernel/task.o
 .debug_str     0x000000000000087d      0x244 out/arch/riscv64/qemu_virt/interrupt.o
 .debug_str     0x000000000000087d      0x1ac out/arch/riscv64/qemu_virt/systimer.o
 .debug_str     0x000000000000087d      0x267 out/arch/riscv64/qemu_virt/trap.o
 .debug_str     0x000000000000087d      0x14c out/drivers/uart.o
 .debug_str     0x000000000000087d      0x148 out/user/user.o
 .debug_str     0x000000000000087d       0x2e out/arch/riscv64/boot.o

.debug_line_str
                0x0000000000000000      0x1d8
 .debug_line_str
                0x0000000000000000      0x1d8 out/kernel/init.o
                                         0xbc (size before relaxing)
 .debug_line_str
                0x00000000000001d8       0x6d out/kernel/page.o
 .debug_line_str
                0x00000000000001d8       0x99 out/kernel/printf.o
 .debug_line_str
                0x00000000000001d8       0x79 out/kernel/sched.o
 .debug_line_str
                0x00000000000001d8       0x84 out/kernel/swtimer.o
 .debug_line_str
                0x00000000000001d8       0x6e out/kernel/task.o
 .debug_line_str
                0x00000000000001d8       0x96 out/arch/riscv64/qemu_virt/interrupt.o
 .debug_line_str
                0x00000000000001d8       0x96 out/arch/riscv64/qemu_virt/systimer.o
 .debug_line_str
                0x00000000000001d8       0xb9 out/arch/riscv64/qemu_virt/trap.o
 .debug_line_str
                0x00000000000001d8       0x54 out/drivers/uart.o
 .debug_line_str
                0x00000000000001d8       0x5e out/user/user.o
 .debug_line_str
                0x00000000000001d8       0x22 out/arch/riscv64/boot.o

.comment        0x0000000000000000       0x22
 .comment       0x0000000000000000       0x22 out/kernel/init.o
                                         0x23 (size before relaxing)
 .comment       0x0000000000000022       0x23 out/kernel/page.o
 .comment       0x0000000000000022       0x23 out/kernel/printf.o
 .comment       0x0000000000000022       0x23 out/kernel/sched.o
 .comment       0x0000000000000022       0x23 out/kernel/swtimer.o
 .comment       0x0000000000000022       0x23 out/kernel/task.o
 .comment       0x0000000000000022       0x23 out/arch/riscv64/qemu_virt/interrupt.o
 .comment       0x0000000000000022       0x23 out/arch/riscv64/qemu_virt/systimer.o
 .comment       0x0000000000000022       0x23 out/arch/riscv64/qemu_virt/trap.o
 .comment       0x0000000000000022       0x23 out/drivers/uart.o
 .comment       0x0000000000000022       0x23 out/user/user.o

.riscv.attributes
                0x0000000000000000       0x57
 .riscv.attributes
                0x0000000000000000       0x57 out/kernel/init.o
 .riscv.attributes
                0x0000000000000057       0x53 out/kernel/page.o
 .riscv.attributes
                0x00000000000000aa       0x53 out/kernel/printf.o
 .riscv.attributes
                0x00000000000000fd       0x57 out/kernel/sched.o
 .riscv.attributes
                0x0000000000000154       0x53 out/kernel/swtimer.o
 .riscv.attributes
                0x00000000000001a7       0x53 out/kernel/task.o
 .riscv.attributes
                0x00000000000001fa       0x57 out/arch/riscv64/qemu_virt/interrupt.o
 .riscv.attributes
                0x0000000000000251       0x53 out/arch/riscv64/qemu_virt/systimer.o
 .riscv.attributes
                0x00000000000002a4       0x57 out/arch/riscv64/qemu_virt/trap.o
 .riscv.attributes
                0x00000000000002fb       0x53 out/drivers/uart.o
 .riscv.attributes
                0x000000000000034e       0x53 out/user/user.o
 .riscv.attributes
                0x00000000000003a1       0x55 out/arch/riscv64/boot.o
 .riscv.attributes
                0x00000000000003f6       0x51 out/arch/riscv64/save_reg.o
 .riscv.attributes
                0x0000000000000447       0x51 out/arch/riscv64/usys.o

.debug_frame    0x0000000000000000      0xf80
 .debug_frame   0x0000000000000000       0xc8 out/kernel/init.o
 .debug_frame   0x00000000000000c8       0xa0 out/kernel/page.o
 .debug_frame   0x0000000000000168       0xf8 out/kernel/printf.o
 .debug_frame   0x0000000000000260      0x250 out/kernel/sched.o
 .debug_frame   0x00000000000004b0      0x190 out/kernel/swtimer.o
 .debug_frame   0x0000000000000640      0x100 out/kernel/task.o
 .debug_frame   0x0000000000000740      0x310 out/arch/riscv64/qemu_virt/interrupt.o
 .debug_frame   0x0000000000000a50      0x100 out/arch/riscv64/qemu_virt/systimer.o
 .debug_frame   0x0000000000000b50      0x228 out/arch/riscv64/qemu_virt/trap.o
 .debug_frame   0x0000000000000d78      0x100 out/drivers/uart.o
 .debug_frame   0x0000000000000e78      0x108 out/user/user.o

.debug_rnglists
                0x0000000000000000       0x22
 .debug_rnglists
                0x0000000000000000       0x22 out/arch/riscv64/boot.o
