
There are no discarded input sections

Memory Configuration

Name             Origin             Length             Attributes
RAM              0x0000000080000000 0x0000000008000000 xrw
*default*        0x0000000000000000 0xffffffffffffffff

Linker script and memory map

                0x0000000000001000                STACK_SIZE = 0x1000
                0x0000000000000002                NUM_CORES = 0x2
                0x0000000080000000                RAM_BASE = 0x80000000
                0x0000000008000000                RAM_SIZE = 0x8000000
                0x0000000080000000                . = ORIGIN (RAM)

.text           0x0000000080000000      0xa3c
                0x0000000080000000                _text_start = .
 *(.text.init)
 .text.init     0x0000000080000000       0x3c out/kernel/boot.o
                0x0000000080000000                _start
 *(.text .text.*)
 .text          0x000000008000003c       0x62 out/kernel/kernel.o
                0x000000008000003c                main
 .text          0x000000008000009e      0x31a out/kernel/page.o
                0x000000008000009e                page_init
                0x00000000800001c0                page_alloc
                0x000000008000032c                page_free
 .text          0x00000000800003b8      0x522 out/kernel/printf.o
                0x00000000800003b8                num2char
                0x00000000800005a4                _vsprintf
                0x00000000800007f4                _vprintf
                0x0000000080000866                printf
                0x00000000800008ba                panic
 .text          0x00000000800008da      0x162 out/kernel/uart.o
                0x00000000800008da                uart_init
                0x000000008000099c                uart_putc
                0x00000000800009d2                uart_getc
                0x0000000080000a00                uart_puts
 .text          0x0000000080000a3c        0x0 out/kernel/boot.o
                0x0000000080000a3c                _text_end = .

.rodata         0x0000000080000a40      0x162
                0x0000000080000a40                _rodata_start = .
 *(.rodata .rodata.*)
 .rodata        0x0000000080000a40       0x27 out/kernel/kernel.o
 *fill*         0x0000000080000a67        0x1 
 .rodata        0x0000000080000a68       0xa3 out/kernel/page.o
 *fill*         0x0000000080000b0b        0x5 
 .rodata        0x0000000080000b10       0x92 out/kernel/printf.o
                0x0000000080000ba2                _rodata_end = .

.rela.dyn       0x0000000080000ba8        0x0
 .rela.text     0x0000000080000ba8        0x0 out/kernel/kernel.o
 .rela.text.init
                0x0000000080000ba8        0x0 out/kernel/kernel.o

.data           0x0000000080000ba8        0x0
                0x0000000080000ba8                _data_start = .
 *(.data .data,*)
 .data          0x0000000080000ba8        0x0 out/kernel/kernel.o
 .data          0x0000000080000ba8        0x0 out/kernel/page.o
 .data          0x0000000080000ba8        0x0 out/kernel/printf.o
 .data          0x0000000080000ba8        0x0 out/kernel/uart.o
 .data          0x0000000080000ba8        0x0 out/kernel/boot.o
                0x0000000080000ba8                _data_end = .

.bss            0x0000000080000ba8      0x418
                0x0000000080000ba8                . = ALIGN (0x8)
                0x0000000080000ba8                _bss_start = .
 *(.bss .bss.*)
 .bss           0x0000000080000ba8        0x0 out/kernel/kernel.o
 .bss           0x0000000080000ba8       0x18 out/kernel/page.o
 .bss           0x0000000080000bc0      0x400 out/kernel/printf.o
 .bss           0x0000000080000fc0        0x0 out/kernel/uart.o
 .bss           0x0000000080000fc0        0x0 out/kernel/boot.o
 *(COMMON)
                0x0000000080000fc0                . = ALIGN (0x8)
                0x0000000080000fc0                _bss_end = .
                0x0000000080001000                . = ALIGN (0x1000)
                0x0000000080001000                _heap_start = .
                0x0000000088000000                _stack_end = (RAM_BASE + RAM_SIZE)
                0x0000000087ffe000                _stack_start = (_stack_end - (STACK_SIZE * NUM_CORES))
                0x0000000087ffe000                _heap_end = _stack_start
                0x0000000007ffd000                _heap_size = (_heap_end - _heap_start)
LOAD out/kernel/kernel.o
LOAD out/kernel/page.o
LOAD out/kernel/printf.o
LOAD out/kernel/uart.o
LOAD out/kernel/boot.o
OUTPUT(out/ZZZ.elf elf64-littleriscv)

.debug_info     0x0000000000000000      0x8a1
 .debug_info    0x0000000000000000      0x116 out/kernel/kernel.o
 .debug_info    0x0000000000000116      0x24f out/kernel/page.o
 .debug_info    0x0000000000000365      0x381 out/kernel/printf.o
 .debug_info    0x00000000000006e6      0x193 out/kernel/uart.o
 .debug_info    0x0000000000000879       0x28 out/kernel/boot.o

.debug_abbrev   0x0000000000000000      0x463
 .debug_abbrev  0x0000000000000000       0xcc out/kernel/kernel.o
 .debug_abbrev  0x00000000000000cc      0x156 out/kernel/page.o
 .debug_abbrev  0x0000000000000222      0x12b out/kernel/printf.o
 .debug_abbrev  0x000000000000034d      0x102 out/kernel/uart.o
 .debug_abbrev  0x000000000000044f       0x14 out/kernel/boot.o

.debug_aranges  0x0000000000000000       0xf0
 .debug_aranges
                0x0000000000000000       0x30 out/kernel/kernel.o
 .debug_aranges
                0x0000000000000030       0x30 out/kernel/page.o
 .debug_aranges
                0x0000000000000060       0x30 out/kernel/printf.o
 .debug_aranges
                0x0000000000000090       0x30 out/kernel/uart.o
 .debug_aranges
                0x00000000000000c0       0x30 out/kernel/boot.o

.debug_line     0x0000000000000000      0xb29
 .debug_line    0x0000000000000000       0xa7 out/kernel/kernel.o
 .debug_line    0x00000000000000a7      0x338 out/kernel/page.o
 .debug_line    0x00000000000003df      0x4f3 out/kernel/printf.o
 .debug_line    0x00000000000008d2      0x1bd out/kernel/uart.o
 .debug_line    0x0000000000000a8f       0x9a out/kernel/boot.o

.debug_str      0x0000000000000000      0x2a0
 .debug_str     0x0000000000000000      0x2a0 out/kernel/kernel.o
                                        0x113 (size before relaxing)
 .debug_str     0x00000000000002a0      0x19e out/kernel/page.o
 .debug_str     0x00000000000002a0      0x1a4 out/kernel/printf.o
 .debug_str     0x00000000000002a0      0x13b out/kernel/uart.o
 .debug_str     0x00000000000002a0       0x28 out/kernel/boot.o

.debug_line_str
                0x0000000000000000       0xb0
 .debug_line_str
                0x0000000000000000       0xb0 out/kernel/kernel.o
                                         0x5d (size before relaxing)
 .debug_line_str
                0x00000000000000b0       0x50 out/kernel/page.o
 .debug_line_str
                0x00000000000000b0       0x8d out/kernel/printf.o
 .debug_line_str
                0x00000000000000b0       0x47 out/kernel/uart.o
 .debug_line_str
                0x00000000000000b0       0x1c out/kernel/boot.o

.comment        0x0000000000000000       0x22
 .comment       0x0000000000000000       0x22 out/kernel/kernel.o
                                         0x23 (size before relaxing)
 .comment       0x0000000000000022       0x23 out/kernel/page.o
 .comment       0x0000000000000022       0x23 out/kernel/printf.o
 .comment       0x0000000000000022       0x23 out/kernel/uart.o

.riscv.attributes
                0x0000000000000000       0x57
 .riscv.attributes
                0x0000000000000000       0x53 out/kernel/kernel.o
 .riscv.attributes
                0x0000000000000053       0x53 out/kernel/page.o
 .riscv.attributes
                0x00000000000000a6       0x53 out/kernel/printf.o
 .riscv.attributes
                0x00000000000000f9       0x53 out/kernel/uart.o
 .riscv.attributes
                0x000000000000014c       0x55 out/kernel/boot.o

.debug_frame    0x0000000000000000      0x2a0
 .debug_frame   0x0000000000000000       0x38 out/kernel/kernel.o
 .debug_frame   0x0000000000000038       0xa0 out/kernel/page.o
 .debug_frame   0x00000000000000d8       0xf8 out/kernel/printf.o
 .debug_frame   0x00000000000001d0       0xd0 out/kernel/uart.o
