
There are no discarded input sections

Memory Configuration

Name             Origin             Length             Attributes
RAM              0x0000000080000000 0x0000000008000000 xrw
*default*        0x0000000000000000 0xffffffffffffffff

Linker script and memory map

                0x0000000000001000                STACK_SIZE = 0x1000
                0x0000000000000002                NUM_CORES = 0x2
                0x0000000080000000                RAM_BASE = 0x80000000
                0x0000000008000000                RAM_SIZE = 0x8000000
                0x0000000080000000                . = ORIGIN (RAM)

.text           0x0000000080000000     0x22e8
                0x0000000080000000                _text_start = .
 *(.text.init)
 .text.init     0x0000000080000000       0x56 out/arch/riscv64/boot.o
                0x0000000080000000                _start
 *(.text.trap)
 *fill*         0x0000000080000056        0x2 
 .text.trap     0x0000000080000058      0x132 out/arch/riscv64/boot.o
                0x0000000080000058                trap_entry
 *(.text .text.*)
 .text          0x000000008000018a      0x114 out/kernel/init.o
                0x00000000800001f2                init
 .text          0x000000008000029e      0x3b4 out/kernel/page.o
                0x00000000800002ea                page_init
                0x000000008000040c                page_alloc
                0x00000000800005a0                page_free
 .text          0x0000000080000652      0x58e out/kernel/printf.o
                0x000000008000069e                num2char
                0x000000008000088c                _vsprintf
                0x0000000080000ab2                _vprintf
                0x0000000080000b24                printf
                0x0000000080000b90                panic
 .text          0x0000000080000be0      0x618 out/kernel/sched.o
                0x0000000080000d9a                sched_init
                0x0000000080000e90                sched
 .text          0x00000000800011f8      0x304 out/kernel/swtimer.o
                0x00000000800012cc                swtimer_distory
                0x000000008000138a                swtimer_check
                0x00000000800013ec                swtimer_create
 .text          0x00000000800014fc       0x8e out/kernel/syscall.o
                0x0000000080001516                sys_get_hart_id
                0x000000008000152e                do_syscall
 .text          0x000000008000158a      0x29a out/kernel/task.o
                0x0000000080001646                task_init
                0x00000000800016bc                task_create
                0x00000000800017b8                task_delete
                0x00000000800017e2                task_delay
 .text          0x0000000080001824      0x2da out/arch/riscv64/qemu_virt/interrupt.o
                0x0000000080001996                global_interrupt_enable
                0x00000000800019b8                global_interrupt_disable
                0x00000000800019d8                timer_interrupt_enable
                0x00000000800019fa                timer_interrupt_disable
                0x0000000080001a1c                extern_interrupt_enable
                0x0000000080001a42                extern_interrupt_disable
                0x0000000080001a68                extern_interrupt_setting
                0x0000000080001abc                soft_interrupt_enable
                0x0000000080001ade                soft_interrupt_disable
 .text          0x0000000080001afe       0xe2 out/arch/riscv64/qemu_virt/systimer.o
                0x0000000080001b46                systimer_init
                0x0000000080001b88                systimer_load
                0x0000000080001bc8                systimer_get_time
 .text          0x0000000080001be0      0x388 out/arch/riscv64/qemu_virt/trap.o
                0x0000000080001cc2                trap_init
                0x0000000080001ce2                trap_handler
                0x0000000080001e9a                extern_interrupt_handler
                0x0000000080001efc                timer_interrupt_handler
                0x0000000080001f5a                soft_interrupt_handler
 .text          0x0000000080001f68      0x1ac out/drivers/uart.o
                0x0000000080001f68                uart_init
                0x000000008000202a                uart_putc
                0x0000000080002060                uart_getc
                0x000000008000208e                uart_puts
                0x00000000800020ca                uart0_iqr
 *fill*         0x0000000080002114        0x0 
 .text          0x0000000080002114      0x1cc out/user/user.o
                0x0000000080002114                task0_timer
                0x0000000080002156                task0
                0x0000000080002194                task1
                0x00000000800021d2                task2
                0x0000000080002206                task3
                0x000000008000223c                os_main
 .text          0x00000000800022e0        0x8 out/kernel/usys.o
                0x00000000800022e0                get_hart_id
 .text          0x00000000800022e8        0x0 out/arch/riscv64/boot.o
 .text          0x00000000800022e8        0x0 out/arch/riscv64/save_reg.o
                0x00000000800022e8                _text_end = .

.rodata         0x00000000800022e8      0x467
                0x00000000800022e8                _rodata_start = .
 *(.rodata .rodata.*)
 .rodata        0x00000000800022e8       0xb9 out/kernel/page.o
 *fill*         0x00000000800023a1        0x7 
 .rodata        0x00000000800023a8       0x90 out/kernel/printf.o
 .rodata        0x0000000080002438       0x14 out/kernel/sched.o
 *fill*         0x000000008000244c        0x4 
 .rodata        0x0000000080002450       0x1c out/kernel/syscall.o
 *fill*         0x000000008000246c        0x4 
 .rodata        0x0000000080002470      0x22d out/arch/riscv64/qemu_virt/trap.o
 *fill*         0x000000008000269d        0x3 
 .rodata        0x00000000800026a0        0xa out/drivers/uart.o
 *fill*         0x00000000800026aa        0x6 
 .rodata        0x00000000800026b0       0x9f out/user/user.o
                0x000000008000274f                _rodata_end = .

.rela.dyn       0x0000000080002750        0x0
 .rela.text     0x0000000080002750        0x0 out/kernel/init.o
 .rela.text.init
                0x0000000080002750        0x0 out/kernel/init.o
 .rela.text.trap
                0x0000000080002750        0x0 out/kernel/init.o

.data           0x0000000080002750        0x0
                0x0000000080002750                _data_start = .
 *(.data .data,*)
 .data          0x0000000080002750        0x0 out/kernel/init.o
 .data          0x0000000080002750        0x0 out/kernel/page.o
 .data          0x0000000080002750        0x0 out/kernel/printf.o
 .data          0x0000000080002750        0x0 out/kernel/sched.o
 .data          0x0000000080002750        0x0 out/kernel/swtimer.o
 .data          0x0000000080002750        0x0 out/kernel/syscall.o
 .data          0x0000000080002750        0x0 out/kernel/task.o
 .data          0x0000000080002750        0x0 out/arch/riscv64/qemu_virt/interrupt.o
 .data          0x0000000080002750        0x0 out/arch/riscv64/qemu_virt/systimer.o
 .data          0x0000000080002750        0x0 out/arch/riscv64/qemu_virt/trap.o
 .data          0x0000000080002750        0x0 out/drivers/uart.o
 .data          0x0000000080002750        0x0 out/user/user.o
 .data          0x0000000080002750        0x0 out/kernel/usys.o
 .data          0x0000000080002750        0x0 out/arch/riscv64/boot.o
 .data          0x0000000080002750        0x0 out/arch/riscv64/save_reg.o
                0x0000000080002750                _data_end = .

.sdata          0x0000000080002750       0x14
 .sdata         0x0000000080002750        0x8 out/kernel/syscall.o
 .sdata         0x0000000080002758        0x8 out/kernel/task.o
 .sdata         0x0000000080002760        0x4 out/arch/riscv64/qemu_virt/systimer.o
                0x0000000080002760                systimer_hz

.bss            0x0000000080002768      0x490
                0x0000000080002768                . = ALIGN (0x8)
                0x0000000080002768                _bss_start = .
 *(.bss .bss.*)
 .bss           0x0000000080002768        0x0 out/kernel/init.o
 .bss           0x0000000080002768       0x18 out/kernel/page.o
 .bss           0x0000000080002780      0x400 out/kernel/printf.o
 .bss           0x0000000080002b80       0x50 out/kernel/sched.o
                0x0000000080002b80                scheduler
 .bss           0x0000000080002bd0        0x8 out/kernel/swtimer.o
 .bss           0x0000000080002bd8        0x0 out/kernel/syscall.o
 .bss           0x0000000080002bd8       0x20 out/kernel/task.o
                0x0000000080002bd8                need_add_task
 .bss           0x0000000080002bf8        0x0 out/arch/riscv64/qemu_virt/interrupt.o
 .bss           0x0000000080002bf8        0x0 out/arch/riscv64/qemu_virt/systimer.o
 .bss           0x0000000080002bf8        0x0 out/arch/riscv64/qemu_virt/trap.o
 .bss           0x0000000080002bf8        0x0 out/drivers/uart.o
 .bss           0x0000000080002bf8        0x0 out/user/user.o
 .bss           0x0000000080002bf8        0x0 out/kernel/usys.o
 .bss           0x0000000080002bf8        0x0 out/arch/riscv64/boot.o
 .bss           0x0000000080002bf8        0x0 out/arch/riscv64/save_reg.o
 *(COMMON)
                0x0000000080002bf8                . = ALIGN (0x8)
                0x0000000080002bf8                _bss_end = .

.sbss           0x0000000080002bf8       0x48
 .sbss          0x0000000080002bf8        0x1 out/kernel/init.o
                0x0000000080002bf8                is_init
 *fill*         0x0000000080002bf9        0x7 
 .sbss          0x0000000080002c00        0x4 out/kernel/page.o
                0x0000000080002c00                page_lock
 *fill*         0x0000000080002c04        0x4 
 .sbss          0x0000000080002c08        0x4 out/kernel/printf.o
                0x0000000080002c08                printf_lock
 *fill*         0x0000000080002c0c        0x4 
 .sbss          0x0000000080002c10        0x8 out/kernel/swtimer.o
                0x0000000080002c10                swtimer_head
 .sbss          0x0000000080002c18        0x4 out/kernel/task.o
                0x0000000080002c18                task_create_lock
 *fill*         0x0000000080002c1c        0x4 
 .sbss          0x0000000080002c20        0x8 out/arch/riscv64/qemu_virt/systimer.o
                0x0000000080002c20                systimer_tick
 .sbss          0x0000000080002c28       0x18 out/user/user.o
                0x0000000080002c28                task0_handle
                0x0000000080002c30                task1_handle
                0x0000000080002c38                t

.kernel_reg_ctx
                0x0000000080002c40      0x210
                0x0000000080002c40                . = ALIGN (0x4)
                0x0000000080002c40                _kernel_reg_ctx_start = .
                0x0000000080002e50                . = (. + (0x108 * NUM_CORES))
 *fill*         0x0000000080002c40      0x210 
                0x0000000080002e50                _kernel_reg_ctx_end = .
                0x0000000080003000                . = ALIGN (0x1000)
                0x0000000080003000                _heap_start = .
                0x0000000088000000                _stack_end = (RAM_BASE + RAM_SIZE)
                0x0000000087ffe000                _stack_start = (_stack_end - (STACK_SIZE * NUM_CORES))
                0x0000000087ffe000                _heap_end = _stack_start
                0x0000000007ffb000                _heap_size = (_heap_end - _heap_start)
LOAD out/kernel/init.o
LOAD out/kernel/page.o
LOAD out/kernel/printf.o
LOAD out/kernel/sched.o
LOAD out/kernel/swtimer.o
LOAD out/kernel/syscall.o
LOAD out/kernel/task.o
LOAD out/arch/riscv64/qemu_virt/interrupt.o
LOAD out/arch/riscv64/qemu_virt/systimer.o
LOAD out/arch/riscv64/qemu_virt/trap.o
LOAD out/drivers/uart.o
LOAD out/user/user.o
LOAD out/kernel/usys.o
LOAD out/arch/riscv64/boot.o
LOAD out/arch/riscv64/save_reg.o
OUTPUT(out/ZZZ.elf elf64-littleriscv)

.debug_info     0x0000000000000000     0x3306
 .debug_info    0x0000000000000000      0x274 out/kernel/init.o
 .debug_info    0x0000000000000274      0x311 out/kernel/page.o
 .debug_info    0x0000000000000585      0x43f out/kernel/printf.o
 .debug_info    0x00000000000009c4      0x8d1 out/kernel/sched.o
 .debug_info    0x0000000000001295      0x3d2 out/kernel/swtimer.o
 .debug_info    0x0000000000001667      0x2fc out/kernel/syscall.o
 .debug_info    0x0000000000001963      0x67e out/kernel/task.o
 .debug_info    0x0000000000001fe1      0x357 out/arch/riscv64/qemu_virt/interrupt.o
 .debug_info    0x0000000000002338      0x22e out/arch/riscv64/qemu_virt/systimer.o
 .debug_info    0x0000000000002566      0x5d4 out/arch/riscv64/qemu_virt/trap.o
 .debug_info    0x0000000000002b3a      0x1dd out/drivers/uart.o
 .debug_info    0x0000000000002d17      0x5a4 out/user/user.o
 .debug_info    0x00000000000032bb       0x28 out/kernel/usys.o
 .debug_info    0x00000000000032e3       0x23 out/arch/riscv64/boot.o

.debug_abbrev   0x0000000000000000     0x153f
 .debug_abbrev  0x0000000000000000      0x150 out/kernel/init.o
 .debug_abbrev  0x0000000000000150      0x1b1 out/kernel/page.o
 .debug_abbrev  0x0000000000000301      0x1b0 out/kernel/printf.o
 .debug_abbrev  0x00000000000004b1      0x2ab out/kernel/sched.o
 .debug_abbrev  0x000000000000075c      0x1c8 out/kernel/swtimer.o
 .debug_abbrev  0x0000000000000924      0x14d out/kernel/syscall.o
 .debug_abbrev  0x0000000000000a71      0x250 out/kernel/task.o
 .debug_abbrev  0x0000000000000cc1      0x130 out/arch/riscv64/qemu_virt/interrupt.o
 .debug_abbrev  0x0000000000000df1      0x149 out/arch/riscv64/qemu_virt/systimer.o
 .debug_abbrev  0x0000000000000f3a      0x26d out/arch/riscv64/qemu_virt/trap.o
 .debug_abbrev  0x00000000000011a7      0x147 out/drivers/uart.o
 .debug_abbrev  0x00000000000012ee      0x22b out/user/user.o
 .debug_abbrev  0x0000000000001519       0x14 out/kernel/usys.o
 .debug_abbrev  0x000000000000152d       0x12 out/arch/riscv64/boot.o

.debug_aranges  0x0000000000000000      0x2b0
 .debug_aranges
                0x0000000000000000       0x30 out/kernel/init.o
 .debug_aranges
                0x0000000000000030       0x30 out/kernel/page.o
 .debug_aranges
                0x0000000000000060       0x30 out/kernel/printf.o
 .debug_aranges
                0x0000000000000090       0x30 out/kernel/sched.o
 .debug_aranges
                0x00000000000000c0       0x30 out/kernel/swtimer.o
 .debug_aranges
                0x00000000000000f0       0x30 out/kernel/syscall.o
 .debug_aranges
                0x0000000000000120       0x30 out/kernel/task.o
 .debug_aranges
                0x0000000000000150       0x30 out/arch/riscv64/qemu_virt/interrupt.o
 .debug_aranges
                0x0000000000000180       0x30 out/arch/riscv64/qemu_virt/systimer.o
 .debug_aranges
                0x00000000000001b0       0x30 out/arch/riscv64/qemu_virt/trap.o
 .debug_aranges
                0x00000000000001e0       0x30 out/drivers/uart.o
 .debug_aranges
                0x0000000000000210       0x30 out/user/user.o
 .debug_aranges
                0x0000000000000240       0x30 out/kernel/usys.o
 .debug_aranges
                0x0000000000000270       0x40 out/arch/riscv64/boot.o

.debug_line     0x0000000000000000     0x2128
 .debug_line    0x0000000000000000      0x194 out/kernel/init.o
 .debug_line    0x0000000000000194      0x3c6 out/kernel/page.o
 .debug_line    0x000000000000055a      0x524 out/kernel/printf.o
 .debug_line    0x0000000000000a7e      0x3fc out/kernel/sched.o
 .debug_line    0x0000000000000e7a      0x308 out/kernel/swtimer.o
 .debug_line    0x0000000000001182       0xe9 out/kernel/syscall.o
 .debug_line    0x000000000000126b      0x296 out/kernel/task.o
 .debug_line    0x0000000000001501      0x2a7 out/arch/riscv64/qemu_virt/interrupt.o
 .debug_line    0x00000000000017a8      0x105 out/arch/riscv64/qemu_virt/systimer.o
 .debug_line    0x00000000000018ad      0x364 out/arch/riscv64/qemu_virt/trap.o
 .debug_line    0x0000000000001c11      0x1fd out/drivers/uart.o
 .debug_line    0x0000000000001e0e      0x1ac out/user/user.o
 .debug_line    0x0000000000001fba       0x5a out/kernel/usys.o
 .debug_line    0x0000000000002014      0x114 out/arch/riscv64/boot.o

.debug_str      0x0000000000000000      0x9f4
 .debug_str     0x0000000000000000      0x9f4 out/kernel/init.o
                                        0x21a (size before relaxing)
 .debug_str     0x00000000000009f4      0x1dd out/kernel/page.o
 .debug_str     0x00000000000009f4      0x1d5 out/kernel/printf.o
 .debug_str     0x00000000000009f4      0x3de out/kernel/sched.o
 .debug_str     0x00000000000009f4      0x24c out/kernel/swtimer.o
 .debug_str     0x00000000000009f4      0x157 out/kernel/syscall.o
 .debug_str     0x00000000000009f4      0x313 out/kernel/task.o
 .debug_str     0x00000000000009f4      0x29a out/arch/riscv64/qemu_virt/interrupt.o
 .debug_str     0x00000000000009f4      0x1e5 out/arch/riscv64/qemu_virt/systimer.o
 .debug_str     0x00000000000009f4      0x2b1 out/arch/riscv64/qemu_virt/trap.o
 .debug_str     0x00000000000009f4      0x14c out/drivers/uart.o
 .debug_str     0x00000000000009f4      0x2c0 out/user/user.o
 .debug_str     0x00000000000009f4       0x28 out/kernel/usys.o
 .debug_str     0x00000000000009f4       0x2e out/arch/riscv64/boot.o

.debug_line_str
                0x0000000000000000      0x206
 .debug_line_str
                0x0000000000000000      0x206 out/kernel/init.o
                                         0xc5 (size before relaxing)
 .debug_line_str
                0x0000000000000206       0x78 out/kernel/page.o
 .debug_line_str
                0x0000000000000206       0xb1 out/kernel/printf.o
 .debug_line_str
                0x0000000000000206       0xb7 out/kernel/sched.o
 .debug_line_str
                0x0000000000000206       0x8f out/kernel/swtimer.o
 .debug_line_str
                0x0000000000000206       0x72 out/kernel/syscall.o
 .debug_line_str
                0x0000000000000206       0xa2 out/kernel/task.o
 .debug_line_str
                0x0000000000000206       0xa1 out/arch/riscv64/qemu_virt/interrupt.o
 .debug_line_str
                0x0000000000000206       0xa1 out/arch/riscv64/qemu_virt/systimer.o
 .debug_line_str
                0x0000000000000206       0xc4 out/arch/riscv64/qemu_virt/trap.o
 .debug_line_str
                0x0000000000000206       0x64 out/drivers/uart.o
 .debug_line_str
                0x0000000000000206       0x9c out/user/user.o
 .debug_line_str
                0x0000000000000206       0x1c out/kernel/usys.o
 .debug_line_str
                0x0000000000000206       0x22 out/arch/riscv64/boot.o

.comment        0x0000000000000000       0x22
 .comment       0x0000000000000000       0x22 out/kernel/init.o
                                         0x23 (size before relaxing)
 .comment       0x0000000000000022       0x23 out/kernel/page.o
 .comment       0x0000000000000022       0x23 out/kernel/printf.o
 .comment       0x0000000000000022       0x23 out/kernel/sched.o
 .comment       0x0000000000000022       0x23 out/kernel/swtimer.o
 .comment       0x0000000000000022       0x23 out/kernel/syscall.o
 .comment       0x0000000000000022       0x23 out/kernel/task.o
 .comment       0x0000000000000022       0x23 out/arch/riscv64/qemu_virt/interrupt.o
 .comment       0x0000000000000022       0x23 out/arch/riscv64/qemu_virt/systimer.o
 .comment       0x0000000000000022       0x23 out/arch/riscv64/qemu_virt/trap.o
 .comment       0x0000000000000022       0x23 out/drivers/uart.o
 .comment       0x0000000000000022       0x23 out/user/user.o

.riscv.attributes
                0x0000000000000000       0x57
 .riscv.attributes
                0x0000000000000000       0x57 out/kernel/init.o
 .riscv.attributes
                0x0000000000000057       0x53 out/kernel/page.o
 .riscv.attributes
                0x00000000000000aa       0x53 out/kernel/printf.o
 .riscv.attributes
                0x00000000000000fd       0x57 out/kernel/sched.o
 .riscv.attributes
                0x0000000000000154       0x53 out/kernel/swtimer.o
 .riscv.attributes
                0x00000000000001a7       0x57 out/kernel/syscall.o
 .riscv.attributes
                0x00000000000001fe       0x53 out/kernel/task.o
 .riscv.attributes
                0x0000000000000251       0x57 out/arch/riscv64/qemu_virt/interrupt.o
 .riscv.attributes
                0x00000000000002a8       0x53 out/arch/riscv64/qemu_virt/systimer.o
 .riscv.attributes
                0x00000000000002fb       0x57 out/arch/riscv64/qemu_virt/trap.o
 .riscv.attributes
                0x0000000000000352       0x53 out/drivers/uart.o
 .riscv.attributes
                0x00000000000003a5       0x53 out/user/user.o
 .riscv.attributes
                0x00000000000003f8       0x51 out/kernel/usys.o
 .riscv.attributes
                0x0000000000000449       0x55 out/arch/riscv64/boot.o
 .riscv.attributes
                0x000000000000049e       0x51 out/arch/riscv64/save_reg.o

.debug_frame    0x0000000000000000     0x1238
 .debug_frame   0x0000000000000000      0x100 out/kernel/init.o
 .debug_frame   0x0000000000000100      0x100 out/kernel/page.o
 .debug_frame   0x0000000000000200      0x158 out/kernel/printf.o
 .debug_frame   0x0000000000000358      0x2e0 out/kernel/sched.o
 .debug_frame   0x0000000000000638      0x190 out/kernel/swtimer.o
 .debug_frame   0x00000000000007c8       0xa0 out/kernel/syscall.o
 .debug_frame   0x0000000000000868      0x190 out/kernel/task.o
 .debug_frame   0x00000000000009f8      0x310 out/arch/riscv64/qemu_virt/interrupt.o
 .debug_frame   0x0000000000000d08      0x100 out/arch/riscv64/qemu_virt/systimer.o
 .debug_frame   0x0000000000000e08      0x228 out/arch/riscv64/qemu_virt/trap.o
 .debug_frame   0x0000000000001030      0x100 out/drivers/uart.o
 .debug_frame   0x0000000000001130      0x108 out/user/user.o

.debug_rnglists
                0x0000000000000000       0x22
 .debug_rnglists
                0x0000000000000000       0x22 out/arch/riscv64/boot.o
